dataset/UKhousing/kensington-and-chelsea.csv
"Name","URI","Region GSS code","Period","Sales volume","Reporting period","Average price All property types","Average price Detached houses","Average price Semi-detached houses","Average price Terraced houses","Average price Flats and maisonettes","Pivotable date"
Kensington and Chelsea,http://landregistry.data.gov.uk/id/region/kensington-and-chelsea,E09000020,2004-01,340,monthly,495894,1186143,1204092,810769,445679,2004-01-01
Kensington and Chelsea,http://landregistry.data.gov.uk/id/region/kensington-and-chelsea,E09000020,2004-02,308,monthly,506469,1212556,1238610,834787,454275,2004-02-01
Kensington and Chelsea,http://landregistry.data.gov.uk/id/region/kensington-and-chelsea,E09000020,2004-03,354,monthly,504555,1205659,1235245,834688,452073,2004-03-01
Kensington and Chelsea,http://landregistry.data.gov.uk/id/region/kensington-and-chelsea,E09000020,2004-04,401,monthly,490464,1160365,1199672,813251,439243,2004-04-01
Kensington and Chelsea,http://landregistry.data.gov.uk/id/region/kensington-and-chelsea,E09000020,2004-05,360,monthly,488594,1132377,1179285,803404,438453,2004-05-01
Kensington and Chelsea,http://landregistry.data.gov.uk/id/region/kensington-and-chelsea,E09000020,2004-06,363,monthly,492778,1135549,1190540,810621,442171,2004-06-01
Kensington and Chelsea,http://landregistry.data.gov.uk/id/region/kensington-and-chelsea,E09000020,2004-07,423,monthly,534860,1239072,1299152,882181,479626,2004-07-01
Kensington and Chelsea,http://landregistry.data.gov.uk/id/region/kensington-and-chelsea,E09000020,2004-08,317,monthly,547674,1287582,1345291,911710,490046,2004-08-01
Kensington and Chelsea,http://landregistry.data.gov.uk/id/region/kensington-and-chelsea,E09000020,2004-09,340,monthly,559286,1325327,1382161,934316,500008,2004-09-01
Kensington and Chelsea,http://landregistry.data.gov.uk/id/region/kensington-and-chelsea,E09000020,2004-10,275,monthly,523246,1233265,1283485,870370,468266,2004-10-01
Kensington and Chelsea,http://landregistry.data.gov.uk/id/region/kensington-and-chelsea,E09000020,2004-11,247,monthly,517540,1213619,1262650,857321,463609,2004-11-01
Kensington and Chelsea,http://landregistry.data.gov.uk/id/region/kensington-and-chelsea,E09000020,2004-12,278,monthly,484880,1124667,1171559,800131,434769,2004-12-01
Kensington and Chelsea,http://landregistry.data.gov.uk/id/region/kensington-and-chelsea,E09000020,2005-01,257,monthly,477958,1108969,1158832,793635,427968,2005-01-01
Kensington and Chelsea,http://landregistry.data.gov.uk/id/region/kensington-and-chelsea,E09000020,2005-02,189,monthly,480086,1124313,1180809,806959,428587,2005-02-01
Kensington and Chelsea,http://landregistry.data.gov.uk/id/region/kensington-and-chelsea,E09000020,2005-03,274,monthly,489291,1147898,1211527,825671,436439,2005-03-01
Kensington and Chelsea,http://landregistry.data.gov.uk/id/region/kensington-and-chelsea,E09000020,2005-04,294,monthly,507964,1185335,1263154,858245,452944,2005-04-01
Kensington and Chelsea,http://landregistry.data.gov.uk/id/region/kensington-and-chelsea,E09000020,2005-05,274,monthly,518054,1188634,1265693,864202,463531,2005-05-01
Kensington and Chelsea,http://landregistry.data.gov.uk/id/region/kensington-and-chelsea,E09000020,2005-06,315,monthly,527082,1212082,1282961,880070,471520,2005-06-01
Kensington and Chelsea,http://landregistry.data.gov.uk/id/region/kensington-and-chelsea,E09000020,2005-07,327,monthly,540566,1248056,1315327,902481,483589,2005-07-01
Kensington and Chelsea,http://landregistry.data.gov.uk/id/region/kensington-and-chelsea,E09000020,2005-08,286,monthly,529996,1235206,1293089,888508,473607,2005-08-01
Kensington and Chelsea,http://landregistry.data.gov.uk/id/region/kensington-and-chelsea,E09000020,2005-09,331,monthly,542761,1277578,1335656,914920,484287,2005-09-01
Kensington and Chelsea,http://landregistry.data.gov.uk/id/region/kensington-and-chelsea,E09000020,2005-10,231,monthly,532195,1253221,1306090,896836,474912,2005-10-01
Kensington and Chelsea,http://landregistry.data.gov.uk/id/region/kensington-and-chelsea,E09000020,2005-11,273,monthly,540675,1265865,1330711,912561,482287,2005-11-01
Kensington and Chelsea,http://landregistry.data.gov.uk/id/region/kensington-and-chelsea,E09000020,2005-12,299,monthly,555847,1283239,1350948,931474,496806,2005-12-01
Kensington and Chelsea,http://landregistry.data.gov.uk/id/region/kensington-and-chelsea,E09000020,2006-01,319,monthly,565247,1307906,1385229,953151,504392,2006-01-01
Kensington and Chelsea,http://landregistry.data.gov.uk/id/region/kensington-and-chelsea,E09000020,2006-02,233,monthly,569195,1338637,1404489,966644,506987,2006-02-01
Kensington and Chelsea,http://landregistry.data.gov.uk/id/region/kensington-and-chelsea,E09000020,2006-03,371,monthly,570415,1364415,1429907,978853,506639,2006-03-01
Kensington and Chelsea,http://landregistry.data.gov.uk/id/region/kensington-and-chelsea,E09000020,2006-04,347,monthly,581164,1401334,1450481,994770,516567,2006-04-01
Kensington and Chelsea,http://landregistry.data.gov.uk/id/region/kensington-and-chelsea,E09000020,2006-05,338,monthly,590768,1442039,1475975,1011331,525051,2006-05-01
Kensington and Chelsea,http://landregistry.data.gov.uk/id/region/kensington-and-chelsea,E09000020,2006-06,400,monthly,599841,1474804,1505406,1031035,532483,2006-06-01
Kensington and Chelsea,http://landregistry.data.gov.uk/id/region/kensington-and-chelsea,E09000020,2006-07,366,monthly,606796,1495741,1530298,1050157,537622,2006-07-01
Kensington and Chelsea,http://landregistry.data.gov.uk/id/region/kensington-and-chelsea,E09000020,2006-08,355,monthly,609829,1483719,1537201,1056534,540186,2006-08-01
Kensington and Chelsea,http://landregistry.data.gov.uk/id/region/kensington-and-chelsea,E09000020,2006-09,394,monthly,603462,1477923,1521647,1045560,534522,2006-09-01
Kensington and Chelsea,http://landregistry.data.gov.uk/id/region/kensington-and-chelsea,E09000020,2006-10,360,monthly,604626,1475089,1521900,1044009,536063,2006-10-01
Kensington and Chelsea,http://landregistry.data.gov.uk/id/region/kensington-and-chelsea,E09000020,2006-11,350,monthly,630206,1533477,1586251,1087406,558853,2006-11-01
Kensington and Chelsea,http://landregistry.data.gov.uk/id/region/kensington-and-chelsea,E09000020,2006-12,375,monthly,644541,1572387,1626176,1116479,570951,2006-12-01
Kensington and Chelsea,http://landregistry.data.gov.uk/id/region/kensington-and-chelsea,E09000020,2007-01,397,monthly,682118,1667696,1728253,1184369,603798,2007-01-01
Kensington and Chelsea,http://landregistry.data.gov.uk/id/region/kensington-and-chelsea,E09000020,2007-02,317,monthly,695308,1703080,1767720,1208743,615116,2007-02-01
Kensington and Chelsea,http://landregistry.data.gov.uk/id/region/kensington-and-chelsea,E09000020,2007-03,352,monthly,712066,1726926,1814009,1242406,629617,2007-03-01
Kensington and Chelsea,http://landregistry.data.gov.uk/id/region/kensington-and-chelsea,E09000020,2007-04,311,monthly,718862,1747349,1835465,1260746,634929,2007-04-01
Kensington and Chelsea,http://landregistry.data.gov.uk/id/region/kensington-and-chelsea,E09000020,2007-05,320,monthly,718509,1742837,1832502,1260724,634567,2007-05-01
Kensington and Chelsea,http://landregistry.data.gov.uk/id/region/kensington-and-chelsea,E09000020,2007-06,327,monthly,723633,1760730,1849022,1269359,639109,2007-06-01
Kensington and Chelsea,http://landregistry.data.gov.uk/id/region/kensington-and-chelsea,E09000020,2007-07,372,monthly,746127,1821158,1913999,1312650,658545,2007-07-01
Kensington and Chelsea,http://landregistry.data.gov.uk/id/region/kensington-and-chelsea,E09000020,2007-08,328,monthly,779957,1909637,2004414,1374781,688106,2007-08-01
Kensington and Chelsea,http://landregistry.data.gov.uk/id/region/kensington-and-chelsea,E09000020,2007-09,275,monthly,830950,2047777,2147684,1470628,732421,2007-09-01
Kensington and Chelsea,http://landregistry.data.gov.uk/id/region/kensington-and-chelsea,E09000020,2007-10,226,monthly,808270,1988514,2076719,1426566,712886,2007-10-01
Kensington and Chelsea,http://landregistry.data.gov.uk/id/region/kensington-and-chelsea,E09000020,2007-11,299,monthly,777268,1930235,2007895,1375916,685055,2007-11-01
Kensington and Chelsea,http://landregistry.data.gov.uk/id/region/kensington-and-chelsea,E09000020,2007-12,168,monthly,767083,1891318,1960336,1340446,677979,2007-12-01
Kensington and Chelsea,http://landregistry.data.gov.uk/id/region/kensington-and-chelsea,E09000020,2008-01,186,monthly,810781,2014308,2082228,1421944,716013,2008-01-01
Kensington and Chelsea,http://landregistry.data.gov.uk/id/region/kensington-and-chelsea,E09000020,2008-02,149,monthly,832753,2062789,2132440,1459647,735558,2008-02-01
Kensington and Chelsea,http://landregistry.data.gov.uk/id/region/kensington-and-chelsea,E09000020,2008-03,133,monthly,808429,2009098,2080632,1429118,712758,2008-03-01
Kensington and Chelsea,http://landregistry.data.gov.uk/id/region/kensington-and-chelsea,E09000020,2008-04,186,monthly,762673,1906525,1982039,1358194,671264,2008-04-01
Kensington and Chelsea,http://landregistry.data.gov.uk/id/region/kensington-and-chelsea,E09000020,2008-05,162,monthly,760593,1906698,1991358,1365145,668229,2008-05-01
Kensington and Chelsea,http://landregistry.data.gov.uk/id/region/kensington-and-chelsea,E09000020,2008-06,133,monthly,766472,1919172,2008316,1380173,672932,2008-06-01
Kensington and Chelsea,http://landregistry.data.gov.uk/id/region/kensington-and-chelsea,E09000020,2008-07,164,monthly,822508,2059032,2177640,1491158,720989,2008-07-01
Kensington and Chelsea,http://landregistry.data.gov.uk/id/region/kensington-and-chelsea,E09000020,2008-08,117,monthly,806857,2016218,2131512,1461362,707454,2008-08-01
Kensington and Chelsea,http://landregistry.data.gov.uk/id/region/kensington-and-chelsea,E09000020,2008-09,155,monthly,811950,2040055,2144731,1467204,712243,2008-09-01
Kensington and Chelsea,http://landregistry.data.gov.uk/id/region/kensington-and-chelsea,E09000020,2008-10,117,monthly,754939,1882350,1959677,1344057,664496,2008-10-01
Kensington and Chelsea,http://landregistry.data.gov.uk/id/region/kensington-and-chelsea,E09000020,2008-11,90,monthly,754636,1887592,1969333,1347125,663783,2008-11-01
Kensington and Chelsea,http://landregistry.data.gov.uk/id/region/kensington-and-chelsea,E09000020,2008-12,105,monthly,725424,1807143,1891472,1296765,637930,2008-12-01
Kensington and Chelsea,http://landregistry.data.gov.uk/id/region/kensington-and-chelsea,E09000020,2009-01,78,monthly,668546,1670345,1738923,1193842,588061,2009-01-01
Kensington and Chelsea,http://landregistry.data.gov.uk/id/region/kensington-and-chelsea,E09000020,2009-02,95,monthly,627150,1529937,1612648,1109019,552984,2009-02-01
Kensington and Chelsea,http://landregistry.data.gov.uk/id/region/kensington-and-chelsea,E09000020,2009-03,121,monthly,598430,1440725,1531940,1053335,528222,2009-03-01
Kensington and Chelsea,http://landregistry.data.gov.uk/id/region/kensington-and-chelsea,E09000020,2009-04,137,monthly,622563,1475998,1586211,1091987,550041,2009-04-01
Kensington and Chelsea,http://landregistry.data.gov.uk/id/region/kensington-and-chelsea,E09000020,2009-05,137,monthly,664598,1552788,1688812,1166115,587185,2009-05-01
Kensington and Chelsea,http://landregistry.data.gov.uk/id/region/kensington-and-chelsea,E09000020,2009-06,173,monthly,719453,1665191,1826764,1264292,635453,2009-06-01
Kensington and Chelsea,http://landregistry.data.gov.uk/id/region/kensington-and-chelsea,E09000020,2009-07,232,monthly,770240,1778955,1967799,1364785,678952,2009-07-01
Kensington and Chelsea,http://landregistry.data.gov.uk/id/region/kensington-and-chelsea,E09000020,2009-08,187,monthly,782459,1868348,2031684,1407554,687066,2009-08-01
Kensington and Chelsea,http://landregistry.data.gov.uk/id/region/kensington-and-chelsea,E09000020,2009-09,228,monthly,763330,1836686,1996807,1382562,669104,2009-09-01
Kensington and Chelsea,http://landregistry.data.gov.uk/id/region/kensington-and-chelsea,E09000020,2009-10,229,monthly,736741,1786180,1942304,1342113,644842,2009-10-01
Kensington and Chelsea,http://landregistry.data.gov.uk/id/region/kensington-and-chelsea,E09000020,2009-11,226,monthly,753693,1797441,1966612,1364734,660733,2009-11-01
Kensington and Chelsea,http://landregistry.data.gov.uk/id/region/kensington-and-chelsea,E09000020,2009-12,176,monthly,755047,1796146,1970898,1366720,661979,2009-12-01
Kensington and Chelsea,http://landregistry.data.gov.uk/id/region/kensington-and-chelsea,E09000020,2010-01,202,monthly,794620,1909621,2076506,1445219,695861,2010-01-01
Kensington and Chelsea,http://landregistry.data.gov.uk/id/region/kensington-and-chelsea,E09000020,2010-02,151,monthly,778622,1941252,2069090,1429997,680080,2010-02-01
Kensington and Chelsea,http://landregistry.data.gov.uk/id/region/kensington-and-chelsea,E09000020,2010-03,207,monthly,820954,2074806,2193385,1518912,715711,2010-03-01
Kensington and Chelsea,http://landregistry.data.gov.uk/id/region/kensington-and-chelsea,E09000020,2010-04,221,monthly,818816,2085501,2188760,1510020,714363,2010-04-01
Kensington and Chelsea,http://landregistry.data.gov.uk/id/region/kensington-and-chelsea,E09000020,2010-05,181,monthly,855775,2196905,2275438,1569879,747526,2010-05-01
Kensington and Chelsea,http://landregistry.data.gov.uk/id/region/kensington-and-chelsea,E09000020,2010-06,224,monthly,821510,2134296,2185877,1508382,717406,2010-06-01
Kensington and Chelsea,http://landregistry.data.gov.uk/id/region/kensington-and-chelsea,E09000020,2010-07,253,monthly,845614,2261295,2271190,1569514,736470,2010-07-01
Kensington and Chelsea,http://landregistry.data.gov.uk/id/region/kensington-and-chelsea,E09000020,2010-08,198,monthly,826390,2205785,2228637,1535855,719487,2010-08-01
Kensington and Chelsea,http://landregistry.data.gov.uk/id/region/kensington-and-chelsea,E09000020,2010-09,218,monthly,863878,2316743,2343106,1615352,751018,2010-09-01
Kensington and Chelsea,http://landregistry.data.gov.uk/id/region/kensington-and-chelsea,E09000020,2010-10,197,monthly,859065,2252626,2324205,1597728,747852,2010-10-01
Kensington and Chelsea,http://landregistry.data.gov.uk/id/region/kensington-and-chelsea,E09000020,2010-11,177,monthly,877861,2307764,2373648,1630829,764415,2010-11-01
Kensington and Chelsea,http://landregistry.data.gov.uk/id/region/kensington-and-chelsea,E09000020,2010-12,201,monthly,884674,2324536,2394260,1640346,770676,2010-12-01
Kensington and Chelsea,http://landregistry.data.gov.uk/id/region/kensington-and-chelsea,E09000020,2011-01,182,monthly,860460,2289839,2343593,1615521,747373,2011-01-01
Kensington and Chelsea,http://landregistry.data.gov.uk/id/region/kensington-and-chelsea,E09000020,2011-02,164,monthly,844014,2253803,2320512,1608791,730391,2011-02-01
Kensington and Chelsea,http://landregistry.data.gov.uk/id/region/kensington-and-chelsea,E09000020,2011-03,235,monthly,879557,2384970,2440291,1695090,759071,2011-03-01
Kensington and Chelsea,http://landregistry.data.gov.uk/id/region/kensington-and-chelsea,E09000020,2011-04,266,monthly,959520,2597469,2656958,1840548,828992,2011-04-01
Kensington and Chelsea,http://landregistry.data.gov.uk/id/region/kensington-and-chelsea,E09000020,2011-05,158,monthly,939202,2496679,2550680,1769607,815209,2011-05-01
Kensington and Chelsea,http://landregistry.data.gov.uk/id/region/kensington-and-chelsea,E09000020,2011-06,187,monthly,911740,2372353,2433439,1686007,794995,2011-06-01
Kensington and Chelsea,http://landregistry.data.gov.uk/id/region/kensington-and-chelsea,E09000020,2011-07,245,monthly,877358,2250850,2319904,1610583,766423,2011-07-01
Kensington and Chelsea,http://landregistry.data.gov.uk/id/region/kensington-and-chelsea,E09000020,2011-08,235,monthly,912819,2376203,2458006,1701867,794268,2011-08-01
Kensington and Chelsea,http://landregistry.data.gov.uk/id/region/kensington-and-chelsea,E09000020,2011-09,238,monthly,931099,2464620,2543549,1760155,807375,2011-09-01
Kensington and Chelsea,http://landregistry.data.gov.uk/id/region/kensington-and-chelsea,E09000020,2011-10,184,monthly,916676,2451059,2518904,1736645,794352,2011-10-01
Kensington and Chelsea,http://landregistry.data.gov.uk/id/region/kensington-and-chelsea,E09000020,2011-11,202,monthly,950767,2538855,2610531,1800445,823992,2011-11-01
Kensington and Chelsea,http://landregistry.data.gov.uk/id/region/kensington-and-chelsea,E09000020,2011-12,167,monthly,919569,2419479,2486067,1709529,800588,2011-12-01
Kensington and Chelsea,http://landregistry.data.gov.uk/id/region/kensington-and-chelsea,E09000020,2012-01,187,monthly,929644,2432661,2510481,1722795,809964,2012-01-01
Kensington and Chelsea,http://landregistry.data.gov.uk/id/region/kensington-and-chelsea,E09000020,2012-02,167,monthly,933654,2439950,2544926,1740888,812232,2012-02-01
Kensington and Chelsea,http://landregistry.data.gov.uk/id/region/kensington-and-chelsea,E09000020,2012-03,159,monthly,941251,2465018,2593211,1773726,816673,2012-03-01
Kensington and Chelsea,http://landregistry.data.gov.uk/id/region/kensington-and-chelsea,E09000020,2012-04,170,monthly,970715,2531714,2664509,1827750,842459,2012-04-01
Kensington and Chelsea,http://landregistry.data.gov.uk/id/region/kensington-and-chelsea,E09000020,2012-05,190,monthly,974635,2522159,2636025,1813840,848323,2012-05-01
Kensington and Chelsea,http://landregistry.data.gov.uk/id/region/kensington-and-chelsea,E09000020,2012-06,190,monthly,1030803,2664242,2777250,1922360,896839,2012-06-01
Kensington and Chelsea,http://landregistry.data.gov.uk/id/region/kensington-and-chelsea,E09000020,2012-07,234,monthly,1032875,2676680,2795065,1936328,897503,2012-07-01
Kensington and Chelsea,http://landregistry.data.gov.uk/id/region/kensington-and-chelsea,E09000020,2012-08,173,monthly,1042777,2717037,2826607,1960918,905413,2012-08-01
Kensington and Chelsea,http://landregistry.data.gov.uk/id/region/kensington-and-chelsea,E09000020,2012-09,196,monthly,1058206,2769462,2884911,1998646,917800,2012-09-01
Kensington and Chelsea,http://landregistry.data.gov.uk/id/region/kensington-and-chelsea,E09000020,2012-10,181,monthly,1077366,2817967,2931729,2029285,935031,2012-10-01
