dataset/UKhousing/kensington-and-chelsea.csv
"Name","URI","Region GSS code","Period","Sales volume","Reporting period","Average price All property types","Average price Detached houses","Average price Semi-detached houses","Average price Terraced houses","Average price Flats and maisonettes","Pivotable date"
Kensington and Chelsea,http://landregistry.data.gov.uk/id/region/kensington-and-chelsea,E09000020,2012-11,184,monthly,1071778,2807272,2925396,2025586,929410,2012-11-01
Kensington and Chelsea,http://landregistry.data.gov.uk/id/region/kensington-and-chelsea,E09000020,2012-12,189,monthly,1044834,2738951,2838774,1962853,907345,2012-12-01
Kensington and Chelsea,http://landregistry.data.gov.uk/id/region/kensington-and-chelsea,E09000020,2013-01,181,monthly,1067550,2812426,2945153,2028131,924500,2013-01-01
Kensington and Chelsea,http://landregistry.data.gov.uk/id/region/kensington-and-chelsea,E09000020,2013-02,145,monthly,1060810,2789629,2939350,2022518,917904,2013-02-01
Kensington and Chelsea,http://landregistry.data.gov.uk/id/region/kensington-and-chelsea,E09000020,2013-03,206,monthly,1076419,2820873,2983409,2055794,931138,2013-03-01
Kensington and Chelsea,http://landregistry.data.gov.uk/id/region/kensington-and-chelsea,E09000020,2013-04,174,monthly,1043141,2719547,2853274,1976166,904282,2013-04-01
Kensington and Chelsea,http://landregistry.data.gov.uk/id/region/kensington-and-chelsea,E09000020,2013-05,221,monthly,1086593,2821813,2967623,2052698,942619,2013-05-01
Kensington and Chelsea,http://landregistry.data.gov.uk/id/region/kensington-and-chelsea,E09000020,2013-06,219,monthly,1122471,2916835,3084139,2126856,972954,2013-06-01
Kensington and Chelsea,http://landregistry.data.gov.uk/id/region/kensington-and-chelsea,E09000020,2013-07,280,monthly,1159559,3011267,3191671,2207026,1003990,2013-07-01
Kensington and Chelsea,http://landregistry.data.gov.uk/id/region/kensington-and-chelsea,E09000020,2013-08,249,monthly,1189245,3091143,3265541,2259652,1030156,2013-08-01
Kensington and Chelsea,http://landregistry.data.gov.uk/id/region/kensington-and-chelsea,E09000020,2013-09,258,monthly,1217729,3180438,3351380,2322257,1053851,2013-09-01
Kensington and Chelsea,http://landregistry.data.gov.uk/id/region/kensington-and-chelsea,E09000020,2013-10,221,monthly,1172514,3056330,3197747,2215847,1017098,2013-10-01
Kensington and Chelsea,http://landregistry.data.gov.uk/id/region/kensington-and-chelsea,E09000020,2013-11,262,monthly,1168770,3038242,3164295,2202917,1014616,2013-11-01
Kensington and Chelsea,http://landregistry.data.gov.uk/id/region/kensington-and-chelsea,E09000020,2013-12,230,monthly,1154073,2965194,3075253,2147848,1005153,2013-12-01
Kensington and Chelsea,http://landregistry.data.gov.uk/id/region/kensington-and-chelsea,E09000020,2014-01,280,monthly,1204771,3114757,3232850,2251085,1048193,2014-01-01
Kensington and Chelsea,http://landregistry.data.gov.uk/id/region/kensington-and-chelsea,E09000020,2014-02,222,monthly,1198222,3128248,3225116,2236255,1042502,2014-02-01
Kensington and Chelsea,http://landregistry.data.gov.uk/id/region/kensington-and-chelsea,E09000020,2014-03,222,monthly,1209578,3182329,3264750,2259398,1051867,2014-03-01
Kensington and Chelsea,http://landregistry.data.gov.uk/id/region/kensington-and-chelsea,E09000020,2014-04,267,monthly,1231111,3234424,3330050,2303188,1070257,2014-04-01
Kensington and Chelsea,http://landregistry.data.gov.uk/id/region/kensington-and-chelsea,E09000020,2014-05,269,monthly,1263468,3300209,3416737,2366518,1098178,2014-05-01
Kensington and Chelsea,http://landregistry.data.gov.uk/id/region/kensington-and-chelsea,E09000020,2014-06,213,monthly,1297755,3381868,3491268,2423148,1128760,2014-06-01
Kensington and Chelsea,http://landregistry.data.gov.uk/id/region/kensington-and-chelsea,E09000020,2014-07,251,monthly,1345616,3503801,3598668,2504070,1171232,2014-07-01
Kensington and Chelsea,http://landregistry.data.gov.uk/id/region/kensington-and-chelsea,E09000020,2014-08,217,monthly,1347030,3508994,3595724,2502739,1172844,2014-08-01
Kensington and Chelsea,http://landregistry.data.gov.uk/id/region/kensington-and-chelsea,E09000020,2014-09,208,monthly,1344464,3519675,3614778,2515569,1168881,2014-09-01
Kensington and Chelsea,http://landregistry.data.gov.uk/id/region/kensington-and-chelsea,E09000020,2014-10,228,monthly,1334423,3498384,3585908,2488985,1160851,2014-10-01
Kensington and Chelsea,http://landregistry.data.gov.uk/id/region/kensington-and-chelsea,E09000020,2014-11,158,monthly,1365050,3595369,3672499,2550857,1187015,2014-11-01
Kensington and Chelsea,http://landregistry.data.gov.uk/id/region/kensington-and-chelsea,E09000020,2014-12,169,monthly,1319380,3470885,3528796,2449864,1148804,2014-12-01
Kensington and Chelsea,http://landregistry.data.gov.uk/id/region/kensington-and-chelsea,E09000020,2015-01,187,monthly,1313357,3456728,3516644,2437411,1143655,2015-01-01
Kensington and Chelsea,http://landregistry.data.gov.uk/id/region/kensington-and-chelsea,E09000020,2015-02,180,monthly,1287616,3377765,3444471,2377496,1122383,2015-02-01
Kensington and Chelsea,http://landregistry.data.gov.uk/id/region/kensington-and-chelsea,E09000020,2015-03,195,monthly,1306557,3406184,3478158,2397600,1140402,2015-03-01
Kensington and Chelsea,http://landregistry.data.gov.uk/id/region/kensington-and-chelsea,E09000020,2015-04,156,monthly,1291645,3380906,3449754,2377276,1126669,2015-04-01
Kensington and Chelsea,http://landregistry.data.gov.uk/id/region/kensington-and-chelsea,E09000020,2015-05,170,monthly,1306192,3395239,3461201,2389991,1140833,2015-05-01
Kensington and Chelsea,http://landregistry.data.gov.uk/id/region/kensington-and-chelsea,E09000020,2015-06,182,monthly,1293028,3385913,3460187,2388622,1127021,2015-06-01
Kensington and Chelsea,http://landregistry.data.gov.uk/id/region/kensington-and-chelsea,E09000020,2015-07,201,monthly,1328276,3452792,3535456,2445007,1158664,2015-07-01
Kensington and Chelsea,http://landregistry.data.gov.uk/id/region/kensington-and-chelsea,E09000020,2015-08,169,monthly,1316116,3430761,3507234,2430578,1147261,2015-08-01
Kensington and Chelsea,http://landregistry.data.gov.uk/id/region/kensington-and-chelsea,E09000020,2015-09,190,monthly,1353679,3543533,3620538,2502602,1179691,2015-09-01
Kensington and Chelsea,http://landregistry.data.gov.uk/id/region/kensington-and-chelsea,E09000020,2015-10,171,monthly,1268780,3339871,3406246,2353701,1104878,2015-10-01
Kensington and Chelsea,http://landregistry.data.gov.uk/id/region/kensington-and-chelsea,E09000020,2015-11,160,monthly,1295078,3423538,3492091,2408465,1127135,2015-11-01
Kensington and Chelsea,http://landregistry.data.gov.uk/id/region/kensington-and-chelsea,E09000020,2015-12,217,monthly,1264909,3331471,3370525,2333605,1102804,2015-12-01
Kensington and Chelsea,http://landregistry.data.gov.uk/id/region/kensington-and-chelsea,E09000020,2016-01,170,monthly,1335351,3503152,3543755,2450955,1165475,2016-01-01
Kensington and Chelsea,http://landregistry.data.gov.uk/id/region/kensington-and-chelsea,E09000020,2016-02,141,monthly,1294603,3419344,3448388,2377303,1129727,2016-02-01
Kensington and Chelsea,http://landregistry.data.gov.uk/id/region/kensington-and-chelsea,E09000020,2016-03,491,monthly,1319174,3506112,3558219,2441511,1149185,2016-03-01
Kensington and Chelsea,http://landregistry.data.gov.uk/id/region/kensington-and-chelsea,E09000020,2016-04,95,monthly,1303324,3457225,3465741,2394043,1137308,2016-04-01
Kensington and Chelsea,http://landregistry.data.gov.uk/id/region/kensington-and-chelsea,E09000020,2016-05,90,monthly,1282708,3346269,3339313,2328971,1122281,2016-05-01
Kensington and Chelsea,http://landregistry.data.gov.uk/id/region/kensington-and-chelsea,E09000020,2016-06,124,monthly,1246352,3209285,3172270,2228897,1094038,2016-06-01
Kensington and Chelsea,http://landregistry.data.gov.uk/id/region/kensington-and-chelsea,E09000020,2016-07,105,monthly,1229599,3155487,3139360,2202894,1078930,2016-07-01
Kensington and Chelsea,http://landregistry.data.gov.uk/id/region/kensington-and-chelsea,E09000020,2016-08,96,monthly,1206813,3105572,3100329,2169487,1058127,2016-08-01
Kensington and Chelsea,http://landregistry.data.gov.uk/id/region/kensington-and-chelsea,E09000020,2016-09,114,monthly,1226681,3143122,3147908,2203139,1075783,2016-09-01
Kensington and Chelsea,http://landregistry.data.gov.uk/id/region/kensington-and-chelsea,E09000020,2016-10,104,monthly,1217676,3125850,3129562,2182776,1068270,2016-10-01
Kensington and Chelsea,http://landregistry.data.gov.uk/id/region/kensington-and-chelsea,E09000020,2016-11,125,monthly,1295310,3337104,3325855,2314150,1137139,2016-11-01
Kensington and Chelsea,http://landregistry.data.gov.uk/id/region/kensington-and-chelsea,E09000020,2016-12,172,monthly,1357231,3507088,3479151,2418493,1192124,2016-12-01
Kensington and Chelsea,http://landregistry.data.gov.uk/id/region/kensington-and-chelsea,E09000020,2017-01,136,monthly,1394421,3603860,3566232,2485222,1224772,2017-01-01
Kensington and Chelsea,http://landregistry.data.gov.uk/id/region/kensington-and-chelsea,E09000020,2017-02,109,monthly,1412255,3634341,3596209,2505970,1241586,2017-02-01
Kensington and Chelsea,http://landregistry.data.gov.uk/id/region/kensington-and-chelsea,E09000020,2017-03,152,monthly,1380049,3551830,3510287,2440281,1214101,2017-03-01
Kensington and Chelsea,http://landregistry.data.gov.uk/id/region/kensington-and-chelsea,E09000020,2017-04,124,monthly,1399839,3597728,3563861,2466760,1232301,2017-04-01
Kensington and Chelsea,http://landregistry.data.gov.uk/id/region/kensington-and-chelsea,E09000020,2017-05,125,monthly,1388174,3548612,3518610,2431640,1223572,2017-05-01
Kensington and Chelsea,http://landregistry.data.gov.uk/id/region/kensington-and-chelsea,E09000020,2017-06,171,monthly,1341276,3404895,3384343,2341965,1183090,2017-06-01
Kensington and Chelsea,http://landregistry.data.gov.uk/id/region/kensington-and-chelsea,E09000020,2017-07,123,monthly,1304186,3296033,3272980,2268740,1151310,2017-07-01
Kensington and Chelsea,http://landregistry.data.gov.uk/id/region/kensington-and-chelsea,E09000020,2017-08,124,monthly,1257578,3195586,3188367,2210365,1107751,2017-08-01
Kensington and Chelsea,http://landregistry.data.gov.uk/id/region/kensington-and-chelsea,E09000020,2017-09,137,monthly,1270090,3246533,3248335,2250527,1116827,2017-09-01
Kensington and Chelsea,http://landregistry.data.gov.uk/id/region/kensington-and-chelsea,E09000020,2017-10,111,monthly,1278113,3286083,3289142,2274512,1122804,2017-10-01
Kensington and Chelsea,http://landregistry.data.gov.uk/id/region/kensington-and-chelsea,E09000020,2017-11,115,monthly,1344311,3450628,3438290,2381222,1182155,2017-11-01
Kensington and Chelsea,http://landregistry.data.gov.uk/id/region/kensington-and-chelsea,E09000020,2017-12,138,monthly,1364185,3506863,3488808,2413499,1199904,2017-12-01
Kensington and Chelsea,http://landregistry.data.gov.uk/id/region/kensington-and-chelsea,E09000020,2018-01,129,monthly,1463378,3755824,3742693,2589000,1287157,2018-01-01
Kensington and Chelsea,http://landregistry.data.gov.uk/id/region/kensington-and-chelsea,E09000020,2018-02,89,monthly,1378878,3558403,3543361,2444973,1212271,2018-02-01
Kensington and Chelsea,http://landregistry.data.gov.uk/id/region/kensington-and-chelsea,E09000020,2018-03,125,monthly,1392610,3604732,3560344,2468656,1224557,2018-03-01
Kensington and Chelsea,http://landregistry.data.gov.uk/id/region/kensington-and-chelsea,E09000020,2018-04,117,monthly,1325081,3433936,3389538,2355078,1164467,2018-04-01
Kensington and Chelsea,http://landregistry.data.gov.uk/id/region/kensington-and-chelsea,E09000020,2018-05,86,monthly,1301729,3383750,3326064,2314241,1143877,2018-05-01
Kensington and Chelsea,http://landregistry.data.gov.uk/id/region/kensington-and-chelsea,E09000020,2018-06,133,monthly,1306556,3383152,3387634,2335552,1146411,2018-06-01
Kensington and Chelsea,http://landregistry.data.gov.uk/id/region/kensington-and-chelsea,E09000020,2018-07,119,monthly,1334876,3475622,3502662,2402798,1169146,2018-07-01
Kensington and Chelsea,http://landregistry.data.gov.uk/id/region/kensington-and-chelsea,E09000020,2018-08,103,monthly,1418032,3682121,3768069,2579568,1238688,2018-08-01
Kensington and Chelsea,http://landregistry.data.gov.uk/id/region/kensington-and-chelsea,E09000020,2018-09,117,monthly,1388037,3619891,3681236,2527277,1212251,2018-09-01
Kensington and Chelsea,http://landregistry.data.gov.uk/id/region/kensington-and-chelsea,E09000020,2018-10,133,monthly,1347602,3504972,3572219,2453111,1177019,2018-10-01
Kensington and Chelsea,http://landregistry.data.gov.uk/id/region/kensington-and-chelsea,E09000020,2018-11,91,monthly,1363248,3556651,3619401,2479156,1190907,2018-11-01
Kensington and Chelsea,http://landregistry.data.gov.uk/id/region/kensington-and-chelsea,E09000020,2018-12,84,monthly,1345598,3490180,3568505,2435551,1176840,2018-12-01
Kensington and Chelsea,http://landregistry.data.gov.uk/id/region/kensington-and-chelsea,E09000020,2019-01,117,monthly,1285331,3341820,3396544,2318183,1125109,2019-01-01
Kensington and Chelsea,http://landregistry.data.gov.uk/id/region/kensington-and-chelsea,E09000020,2019-02,94,monthly,1259858,3361484,3304649,2259709,1104176,2019-02-01
Kensington and Chelsea,http://landregistry.data.gov.uk/id/region/kensington-and-chelsea,E09000020,2019-03,107,monthly,1218617,3303855,3202712,2191343,1067301,2019-03-01
Kensington and Chelsea,http://landregistry.data.gov.uk/id/region/kensington-and-chelsea,E09000020,2019-04,102,monthly,1263627,3436180,3327222,2280540,1105706,2019-04-01
Kensington and Chelsea,http://landregistry.data.gov.uk/id/region/kensington-and-chelsea,E09000020,2019-05,114,monthly,1227527,3283304,3230390,2219281,1073789,2019-05-01
Kensington and Chelsea,http://landregistry.data.gov.uk/id/region/kensington-and-chelsea,E09000020,2019-06,115,monthly,1285970,3445562,3382888,2324461,1124963,2019-06-01
Kensington and Chelsea,http://landregistry.data.gov.uk/id/region/kensington-and-chelsea,E09000020,2019-07,140,monthly,1266252,3348703,3319468,2285109,1108311,2019-07-01
Kensington and Chelsea,http://landregistry.data.gov.uk/id/region/kensington-and-chelsea,E09000020,2019-08,132,monthly,1244923,3394657,3267742,2247289,1089330,2019-08-01
Kensington and Chelsea,http://landregistry.data.gov.uk/id/region/kensington-and-chelsea,E09000020,2019-09,124,monthly,1208646,3340897,3179130,2195369,1055874,2019-09-01
Kensington and Chelsea,http://landregistry.data.gov.uk/id/region/kensington-and-chelsea,E09000020,2019-10,118,monthly,1175169,3331990,3127042,2147854,1024712,2019-10-01
Kensington and Chelsea,http://landregistry.data.gov.uk/id/region/kensington-and-chelsea,E09000020,2019-11,116,monthly,1171530,3220623,3127858,2143720,1021388,2019-11-01
Kensington and Chelsea,http://landregistry.data.gov.uk/id/region/kensington-and-chelsea,E09000020,2019-12,125,monthly,1224031,3262991,3283892,2242371,1066981,2019-12-01
Kensington and Chelsea,http://landregistry.data.gov.uk/id/region/kensington-and-chelsea,E09000020,2020-01,147,monthly,1250691,3284735,3349201,2289585,1090546,2020-01-01
Kensington and Chelsea,http://landregistry.data.gov.uk/id/region/kensington-and-chelsea,E09000020,2020-02,107,monthly,1318987,3483640,3581336,2433567,1147495,2020-02-01
Kensington and Chelsea,http://landregistry.data.gov.uk/id/region/kensington-and-chelsea,E09000020,2020-03,139,monthly,1337948,3579798,3663943,2478143,1162581,2020-03-01
Kensington and Chelsea,http://landregistry.data.gov.uk/id/region/kensington-and-chelsea,E09000020,2020-04,84,monthly,1356897,3701764,3756393,2547147,1174414,2020-04-01
Kensington and Chelsea,http://landregistry.data.gov.uk/id/region/kensington-and-chelsea,E09000020,2020-05,65,monthly,1355073,3703978,3735890,2546439,1172566,2020-05-01
Kensington and Chelsea,http://landregistry.data.gov.uk/id/region/kensington-and-chelsea,E09000020,2020-06,63,monthly,1301783,3514590,3557021,2440393,1127500,2020-06-01
Kensington and Chelsea,http://landregistry.data.gov.uk/id/region/kensington-and-chelsea,E09000020,2020-07,110,monthly,1322671,3501149,3586500,2450249,1149552,2020-07-01
Kensington and Chelsea,http://landregistry.data.gov.uk/id/region/kensington-and-chelsea,E09000020,2020-08,75,monthly,1325974,3493382,3632069,2461431,1151604,2020-08-01
Kensington and Chelsea,http://landregistry.data.gov.uk/id/region/kensington-and-chelsea,E09000020,2020-09,142,monthly,1340058,3571750,3719638,2506514,1161038,2020-09-01
Kensington and Chelsea,http://landregistry.data.gov.uk/id/region/kensington-and-chelsea,E09000020,2020-10,140,monthly,1291719,3442163,3584903,2419182,1118769,2020-10-01
Kensington and Chelsea,http://landregistry.data.gov.uk/id/region/kensington-and-chelsea,E09000020,2020-11,125,monthly,1307371,3460548,3589605,2442984,1133291,2020-11-01
Kensington and Chelsea,http://landregistry.data.gov.uk/id/region/kensington-and-chelsea,E09000020,2020-12,131,monthly,1335216,3529887,3654670,2492533,1157815,2020-12-01
Kensington and Chelsea,http://landregistry.data.gov.uk/id/region/kensington-and-chelsea,E09000020,2021-01,117,monthly,1326464,3526393,3654863,2480815,1149461,2021-01-01
Kensington and Chelsea,http://landregistry.data.gov.uk/id/region/kensington-and-chelsea,E09000020,2021-02,136,monthly,1252639,3386228,3499183,2359974,1082661,2021-02-01
Kensington and Chelsea,http://landregistry.data.gov.uk/id/region/kensington-and-chelsea,E09000020,2021-03,257,monthly,1210265,3306081,3418478,2296015,1043497,2021-03-01
Kensington and Chelsea,http://landregistry.data.gov.uk/id/region/kensington-and-chelsea,E09000020,2021-04,112,monthly,1198500,3323057,3409847,2286684,1031221,2021-04-01
Kensington and Chelsea,http://landregistry.data.gov.uk/id/region/kensington-and-chelsea,E09000020,2021-05,118,monthly,1223382,3398834,3488706,2335542,1052370,2021-05-01
Kensington and Chelsea,http://landregistry.data.gov.uk/id/region/kensington-and-chelsea,E09000020,2021-06,373,monthly,1217717,3415896,3485449,2338996,1045364,2021-06-01
Kensington and Chelsea,http://landregistry.data.gov.uk/id/region/kensington-and-chelsea,E09000020,2021-07,30,monthly,1330801,3760035,3833747,2557944,1141970,2021-07-01
Kensington and Chelsea,http://landregistry.data.gov.uk/id/region/kensington-and-chelsea,E09000020,2021-08,59,monthly,1451856,4145421,4252416,2814694,1242050,2021-08-01
Kensington and Chelsea,http://landregistry.data.gov.uk/id/region/kensington-and-chelsea,E09000020,2021-09,70,monthly,1441127,4114659,4233791,2789285,1233422,2021-09-01
Kensington and Chelsea,http://landregistry.data.gov.uk/id/region/kensington-and-chelsea,E09000020,2021-10,,monthly,1420099,4002052,4157923,2737325,1217247,2021-10-01
Kensington and Chelsea,http://landregistry.data.gov.uk/id/region/kensington-and-chelsea,E09000020,2021-11,,monthly,1315987,3682276,3808805,2511849,1131704,2021-11-01
